add
oil
salt
pepper
water
garlic
sauce
mix
pan
chicken
butter
onion
cut
cheese
cook
onions
powder
sugar
ginger
flour
egg
bowl
rice
top
potatoes
olive
milk
soy
put
chili
heat
bread
stir
juice
sesame
eggs
bacon
parsley
noodles
paste
tomato
tomatoes
lemon
chopped
roll
oven
vinegar
coriander
cabbage
fry
mixture
chop
pieces
place
beef
boil
cover
cream
seeds
spread
slice
meat
stock
fish
baking
pot
leaves
wine
vegetables
mustard
parmesan
dough
pasta
beans
shrimp
pour
ground
carrots
season
celery
mushrooms
take
tofu
sprinkle
remove
basil
drain
broth
lettuce
cilantro
pork
soup
slices
flakes
whisk
flip
cup
batter
cucumber
processor
crumbs
boiling
paprika
spring
paper
grill
cumin
food
masala
ingredients
dressing
mayonnaise
cayenne
simmer
seasoning
avocado
blend
lime
potato
yogurt
mash
peas
dry
peel
plate
serve
minced
salad
cooking
toss
vegetable
curry
cubes
turmeric
let
squeeze
mint
honey
bean
pizza
press
peppers
sprouts
beer
cooked
corn
skillet
apple
fold
bay
cinnamon
diced
towel
coat
mozzarella
spinach
ham
combine
garnish
sheet
filling
mashed
blender
carrot
broccoli
cloves
grated
coconut
lid
meatballs
tuna
wings
chives
macaroni
balls
yeast
soda
shallots
marinade
chickpeas
italian
dish
strips
turn
seaweed
bake
dried
herbs
warm
lamb
make
everything
dip
melted
soak
cold
spaghetti
pinch
transfer
puree
garam
scallions
wash
bag
sea
shredded
bring
rinse
edges
fat
sides
ketchup
fried
brush
dijon
cornstarch
oregano
sausages
sour
skin
center
clams
break
salmon
shape
pressure
crushed
chilies
peanuts
crab
can
spice
nori
piece
cups
seal
oyster
plastic
sandwich
cooker
crack
sliced
squid
spices
cardamom
bottom
beat
tahini
buttermilk
pancetta
walnuts
peanut
radish
lay
smooth
sweet
strain
melt
keep
wrap
heavy
gravy
leaf
breast
nutmeg
patties
spray
sushi
bamboo
clam
falafel
dog
saute
patty
rosemary
nuts
sausage
vodka
syrup
zucchini
flame
grind
pepperoni
liver
thyme
ribs
separate
preheat
zest
calamari
stick
jar
jalapeno
dogs
chinese
toast
bubbles
burger
scoop
rolls
spicy
liquid
ball
snails
marinate
tray
cheddar
turkey
pound
wheat
cucumbers
orange
drizzle
bun
boiled
apples
cherry
wet
yolk
roasted
seed
pear
dice
spoon
container
loaf
crispy
grapes
fridge
fennel
cauliflower
hoisin
chunks
hand
process
steak
kidney
drop
lightly
escargot
minute
bok
starch
foil
back
asian
salsa
open
hollandaise
aside
toasted
frozen
hands
salted
yolks
prawns
wrapper
fill
choy
sauerkraut
english
fork
clove
mushroom
maple
shells
cider
roast
pita
pineapple
push
rack
squares
crush
tuck
light
skewers
cone
rest
ice
scramble
mayo
frying
hash
barbecue
shake
flatten
buns
meatloaf
mixed
massage
shred
caraway
virgin
worcestershire
croutons
pancakes
shoots
stove
garbanzo
skewer
rolling
capsicum
tear
mixing
snow
sticks
glass
feta
anchovy
pomegranate
poached
mince
flat
shell
microwave
wire
mango
burrito
cashews
beaten
stems
close
lobster
muffins
crust
squash
duck
miso
bite
quarters
greens
sake
peppercorns
breasts
apply
clean
blended
breadcrumbs
rub
cashew
granulated
balsamic
tamarind
taste
root
pickles
tortilla
pancake
pastry
steam
marinara
stuffing
scallion
parchment
peeled
core
cloth
whisking
fire
almond
provolone
vermicelli
thai
dosa
nonstick
kale
sumac
bonito
methi
stickers
smoked
vanilla
samosas
dashi
knife
tender
circles
chips
olives
pecorino
fryer
roughly
surface
thinly
soaked
clarified
griddle
greek
saffron
overnight
preheated
refried
scrambled
capers
discard
stirring
teriyaki
pull
lentils
grease
ounce
berries
arrange
charred
insert
pickled
air
coated
romaine
translucent
trim
marinated
refrigerate
korean
dumplings
wasabi
naan
rind
pin
anchovies
smoke
mutton
evaporated
peppercorn
chutney
cornmeal
corner
circle
panko
dissolve
reduce
wing
roti
pickle
wait
veal
steamer
rock
casserole
buffalo
curd
chestnuts
tortillas
burgers
color
french
quinoa
serving
broil
muffin
fingers
layers
sachet
combined
gruyere
sit
stuff
cuts
jalapenos
pine
mussels
chorizo
bouillon
prawn
toothpick
couple
pat
bulgur
tight
raw
chillies
japanese
packet
cakes
aluminum
juniper
herb
broken
drained
broiler
smash
sherry
sticker
dill
sirloin
organic
radishes
simmering
creamy
round
dump
strainer
chunky
base
tabasco
paneer
edge
pick
polenta
molasses
brine
tempura
pink
poach
sear
angle
cracked
pesto
boneless
palm
veggies
cognac
shallow
knead
saucepan
remaining
cube
leg
move
taco
part
mat
sage
swiss
cake
samosa
lift
masher
kimchi
pudding
fries
film
twenty
completely
ale
mason
head
hold
ends
slide
irish
whip
iceberg
triangle
fizzy
granules
blocks
diagonally
tentacles
leave
jack
sicilian
cajun
plum
drippings
stem
turning
mortar
fifteen
scallops
condensed
flesh
browning
scatter
appear
stalks
oval
toppings
extract
kombu
acid
himalayan
meal
pop
oats
triangles
parts
turns
dumpling
absorb
tie
wok
carom
shiny
mold
cubed
mixer
crock
fenugreek
soften
weight
napa
mirin
bottle
crackers
tail
disk
return
drops
along
straight
guacamole
almonds
walnut
baked
homemade
needed
gas
bits
tea
relish
butternut
shortening
refrigerator
damp
flower
kelp
sprigs
ring
sichuan
string
adjust
wide
textured
enoki
pyrex
hotdog
wooden
caesar
sift
dissolved
upside
opal
kabobs
hamburger
direct
falafels
saran
tamari
chana
szechuan
uncooked
frankfurters
thicken
flake
slits
punch
cutting
softened
papaya
moisture
salami
stiff
gras
wontons
fillets
rinsed
pounder
chick
touch
aioli
strained
kaffir
seedless
breading
seafood
stretch
generous
bones
spatula
poppy
incorporate
fava
distribute
sharp
blueberries
sheets
caramelize
diagonal
quickly
sandwiches
rip
grate
run
grilled
oatmeal
holes
splash
handful
days
chops
lengthwise
gold
batches
followed
heads
pad
breaded
dilute
sized
wrappers
rope
liter
spanish
jam
forms
kalonji
football
measuring
thickens
lavender
starter
indirect
wraps
creating
pearl
agave
blanch
celtic
pods
sourdough
gherkins
leftover
cannellini
room
scrape
ghee
tablespoon
chester
steep
slaw
section
firmly
german
rough
scissors
beards
refined
coals
shut
save
fillet
split
bitters
whipping
cling
batch
chowder
stone
poultry
buttered
lemonade
defrosted
pluck
chicago
cherries
release
tacos
score
breads
indian
galbi
brandy
kiwi
strip
pretzel
spots
peach
shallot
cereal
create
uniform
submerge
vegan
texture
condiments
nutritional
parsnips
leek
waldorf
rajma
bath
equally
skinless
carnation
kitchen
rye
leaving
devein
hing
precooked
mace
peeling
compound
browned
chard
pack
bunches
enchilada
jamaican
date
melts
double
spoonful
perogies
sambar
prosciutto
doubled
fluid
knob
ponzu
draw
cremini
penne
caribbean
allow
belly
shave
colby
mallet
deglaze
eggplant
beet
caps
square
caviar
distilled
chilled
tempeh
sofrito
maki
puff
citric
tips
thickness
complete
unwrap
rehydrated
whiz
fan
covered
stack
lardons
portion
charcoal
weigh
eye
groove
kangaroo
cans
galangal
cheesecloth
teaspoons
bouncy
mashing
kashmiri
beard
lemongrass
pico
ear
steakhouse
leeks
wood
making
quartered
nearly
microgreens
bind
tin
pestle
earlier
feet
anise
something
watercress
cutlets
asafetida
burritos
vertical
rocket
sink
sweetened
bubble
ladle
swordfish
naturally
burdock
chipotle
portions
grams
horseradish
pipe
chopsticks
wedge
discarding
creme
fairly
grape
semolina
body
ramen
vegetarian
pounded
crisp
steady
escargots
asparagus
corndogs
char
juices
peaks
amino
tough
loosely
jars
cheesy
konbu
casing
across
macadamia
till
pineapples
prepare
nut
mangoes
board
switch
citrus
allspice
gradually
rotate
flavoring
hummus
dollops
pinto
replace
ricotta
premade
seasonings
summer
sizzle
truffle
mexican
space
shaved
legs
parsnip
hammer
skirt
concentrate
worcester
de
chamber
cheeses
cocoa
elastic
mesh
thigh
coarsely
moist
oranges
temper
pockets
blossom
sriracha
thread
scrub
lastly
blood
towels
julienned
similar
fillings
carefully
crumble
replacer
schnitzel
cottage
table
lines
constantly
pair
lard
instead
vigorously
sifter
farmers
slurry
canadian
dehydrator
breaking
sealer
baguette
sunflower
bengal
snap
rutabaga
counter
vortex
huge
lactic
rectangles
flavor
bagel
overlapping
occasionally
velveeta
forest
regular
clay
adding
whipped
lock
platter
pierogies
rib
tartar
powdered
shish
separately
zip
floured
bourbon
chi
zesty
entire
apart
naruto
facing
snail
hickory
florets
heated
properly
measure
partially
chapati
consistency
indentation
chat
bottles
glasses
burst
extremely
sparkling
blueberry
gloves
throw
romano
wedges
halves
stew
towards
finally
slit
dunk
maggi
separating
lance
sticky
pumpkin
pulse
candied
masago
assemble
wakame
chia
protein
custard
margarine
cuttlefish
coleslaw
moisten
shrimps
tier
teaspoon
porridge
liquor
lobes
raisins
avocados
crockpot
cooled
sprout
mild
grinder
bone
mats
marmalade
packages
iron
begin
tip
packs
dipping
tablespoons
nectar
jasmine
bulb
colcannon
fruits
temperature
preserved
gram
slotted
slicer
tucking
hungarian
imitation
pinot
infused
